D:\runtime\scoop\apps\cmake\3.30.5\bin\cmake.exe -SD:\projects\quant1x\quant1x -BD:\projects\quant1x\quant1x\build --check-build-system CMakeFiles\Makefile.cmake 0
D:/runtime/scoop/apps/mingw/current/bin/mingw32-make.exe  -f CMakeFiles\Makefile2 q1x
mingw32-make[1]: Entering directory 'D:/projects/quant1x/quant1x/build'
D:\runtime\scoop\apps\cmake\3.30.5\bin\cmake.exe -SD:\projects\quant1x\quant1x -BD:\projects\quant1x\quant1x\build --check-build-system CMakeFiles\Makefile.cmake 0
D:\runtime\scoop\apps\cmake\3.30.5\bin\cmake.exe -E cmake_progress_start D:\projects\quant1x\quant1x\build\CMakeFiles 48
D:/runtime/scoop/apps/mingw/current/bin/mingw32-make.exe  -f CMakeFiles\Makefile2 CMakeFiles/q1x.dir/all
mingw32-make[2]: Entering directory 'D:/projects/quant1x/quant1x/build'
D:/runtime/scoop/apps/mingw/current/bin/mingw32-make.exe  -f CMakeFiles\quant1x.dir\build.make CMakeFiles/quant1x.dir/depend
mingw32-make[3]: Entering directory 'D:/projects/quant1x/quant1x/build'
D:\runtime\scoop\apps\cmake\3.30.5\bin\cmake.exe -E cmake_depends "MinGW Makefiles" D:\projects\quant1x\quant1x D:\projects\quant1x\quant1x D:\projects\quant1x\quant1x\build D:\projects\quant1x\quant1x\build D:\projects\quant1x\quant1x\build\CMakeFiles\quant1x.dir\DependInfo.cmake "--color="
mingw32-make[3]: Leaving directory 'D:/projects/quant1x/quant1x/build'
D:/runtime/scoop/apps/mingw/current/bin/mingw32-make.exe  -f CMakeFiles\quant1x.dir\build.make CMakeFiles/quant1x.dir/build
mingw32-make[3]: Entering directory 'D:/projects/quant1x/quant1x/build'
mingw32-make[3]: Nothing to be done for 'CMakeFiles/quant1x.dir/build'.
mingw32-make[3]: Leaving directory 'D:/projects/quant1x/quant1x/build'
[ 95%] Built target quant1x
D:/runtime/scoop/apps/mingw/current/bin/mingw32-make.exe  -f CMakeFiles\q1x.dir\build.make CMakeFiles/q1x.dir/depend
mingw32-make[3]: Entering directory 'D:/projects/quant1x/quant1x/build'
D:\runtime\scoop\apps\cmake\3.30.5\bin\cmake.exe -E cmake_depends "MinGW Makefiles" D:\projects\quant1x\quant1x D:\projects\quant1x\quant1x D:\projects\quant1x\quant1x\build D:\projects\quant1x\quant1x\build D:\projects\quant1x\quant1x\build\CMakeFiles\q1x.dir\DependInfo.cmake "--color="
mingw32-make[3]: Leaving directory 'D:/projects/quant1x/quant1x/build'
D:/runtime/scoop/apps/mingw/current/bin/mingw32-make.exe  -f CMakeFiles\q1x.dir\build.make CMakeFiles/q1x.dir/build
mingw32-make[3]: Entering directory 'D:/projects/quant1x/quant1x/build'
mingw32-make[3]: Nothing to be done for 'CMakeFiles/q1x.dir/build'.
mingw32-make[3]: Leaving directory 'D:/projects/quant1x/quant1x/build'
[100%] Built target q1x
mingw32-make[2]: Leaving directory 'D:/projects/quant1x/quant1x/build'
D:\runtime\scoop\apps\cmake\3.30.5\bin\cmake.exe -E cmake_progress_start D:\projects\quant1x\quant1x\build\CMakeFiles 0
mingw32-make[1]: Leaving directory 'D:/projects/quant1x/quant1x/build'
